[2024-12-16T10:05:52.941+0000][0.007s] Using G1
[2024-12-16T10:05:55.134+0000][2.201s] Version: 17.0.13+11 (release)
[2024-12-16T10:05:55.135+0000][2.201s] CPUs: 16 total, 1 available
[2024-12-16T10:05:55.135+0000][2.201s] Memory: 8192M
[2024-12-16T10:05:55.135+0000][2.201s] Large Page Support: Disabled
[2024-12-16T10:05:55.135+0000][2.201s] NUMA Support: Disabled
[2024-12-16T10:05:55.135+0000][2.201s] Compressed Oops: Enabled (Zero based)
[2024-12-16T10:05:55.135+0000][2.201s] Heap Region Size: 2M
[2024-12-16T10:05:55.135+0000][2.201s] Heap Min Capacity: 4G
[2024-12-16T10:05:55.135+0000][2.201s] Heap Initial Capacity: 4G
[2024-12-16T10:05:55.135+0000][2.201s] Heap Max Capacity: 4G
[2024-12-16T10:05:55.135+0000][2.201s] Pre-touch: Enabled
[2024-12-16T10:05:55.135+0000][2.201s] Parallel Workers: 1
[2024-12-16T10:05:55.135+0000][2.201s] Concurrent Workers: 1
[2024-12-16T10:05:55.135+0000][2.201s] Concurrent Refinement Workers: 1
[2024-12-16T10:05:55.135+0000][2.201s] Periodic GC: Disabled
[2024-12-16T10:05:55.142+0000][2.208s] CDS archive(s) mapped at: [0x00007f7957000000-0x00007f7957a62000-0x00007f7957a62000), size 10887168, SharedBaseAddress: 0x00007f7957000000, ArchiveRelocationMode: 1.
[2024-12-16T10:05:55.142+0000][2.208s] Compressed class space mapped at: 0x00007f7958000000-0x00007f7998000000, reserved size: 1073741824
[2024-12-16T10:05:55.142+0000][2.208s] Narrow klass base: 0x00007f7957000000, Narrow klass shift: 0, Narrow klass range: 0x100000000
[2024-12-16T10:05:58.121+0000][5.187s] GC(0) Pause Young (Concurrent Start) (Metadata GC Threshold)
[2024-12-16T10:05:58.121+0000][5.187s] GC(0) Using 1 workers of 1 for evacuation
[2024-12-16T10:05:58.152+0000][5.218s] GC(0)   Pre Evacuate Collection Set: 0.6ms
[2024-12-16T10:05:58.152+0000][5.218s] GC(0)   Merge Heap Roots: 0.2ms
[2024-12-16T10:05:58.152+0000][5.218s] GC(0)   Evacuate Collection Set: 27.9ms
[2024-12-16T10:05:58.152+0000][5.218s] GC(0)   Post Evacuate Collection Set: 1.6ms
[2024-12-16T10:05:58.152+0000][5.218s] GC(0)   Other: 0.3ms
[2024-12-16T10:05:58.152+0000][5.218s] GC(0) Eden regions: 82->0(92)
[2024-12-16T10:05:58.152+0000][5.218s] GC(0) Survivor regions: 0->10(13)
[2024-12-16T10:05:58.152+0000][5.218s] GC(0) Old regions: 0->0
[2024-12-16T10:05:58.152+0000][5.218s] GC(0) Archive regions: 2->2
[2024-12-16T10:05:58.152+0000][5.218s] GC(0) Humongous regions: 2->2
[2024-12-16T10:05:58.152+0000][5.218s] GC(0) Metaspace: 21208K(21504K)->21208K(21504K) NonClass: 18583K(18752K)->18583K(18752K) Class: 2625K(2752K)->2625K(2752K)
[2024-12-16T10:05:58.152+0000][5.218s] GC(0) Pause Young (Concurrent Start) (Metadata GC Threshold) 167M->22M(4096M) 30.640ms
[2024-12-16T10:05:58.152+0000][5.218s] GC(0) User=0.03s Sys=0.00s Real=0.03s
[2024-12-16T10:05:58.152+0000][5.218s] GC(1) Concurrent Mark Cycle
[2024-12-16T10:05:58.152+0000][5.218s] GC(1) Concurrent Clear Claimed Marks
[2024-12-16T10:05:58.152+0000][5.218s] GC(1) Concurrent Clear Claimed Marks 0.037ms
[2024-12-16T10:05:58.152+0000][5.218s] GC(1) Concurrent Scan Root Regions
[2024-12-16T10:05:58.158+0000][5.224s] GC(1) Concurrent Scan Root Regions 6.139ms
[2024-12-16T10:05:58.158+0000][5.224s] GC(1) Concurrent Mark
[2024-12-16T10:05:58.158+0000][5.224s] GC(1) Concurrent Mark From Roots
[2024-12-16T10:05:58.158+0000][5.224s] GC(1) Using 1 workers of 1 for marking
[2024-12-16T10:05:58.162+0000][5.228s] GC(1) Concurrent Mark From Roots 3.881ms
[2024-12-16T10:05:58.162+0000][5.228s] GC(1) Concurrent Preclean
[2024-12-16T10:05:58.162+0000][5.228s] GC(1) Concurrent Preclean 0.024ms
[2024-12-16T10:05:58.162+0000][5.228s] GC(1) Pause Remark
[2024-12-16T10:05:58.166+0000][5.233s] GC(1) Pause Remark 24M->24M(4096M) 4.373ms
[2024-12-16T10:05:58.167+0000][5.233s] GC(1) User=0.00s Sys=0.01s Real=0.00s
[2024-12-16T10:05:58.167+0000][5.233s] GC(1) Concurrent Mark 8.485ms
[2024-12-16T10:05:58.167+0000][5.233s] GC(1) Concurrent Rebuild Remembered Sets
[2024-12-16T10:05:58.167+0000][5.233s] GC(1) Concurrent Rebuild Remembered Sets 0.004ms
[2024-12-16T10:05:58.167+0000][5.233s] GC(1) Pause Cleanup
[2024-12-16T10:05:58.167+0000][5.233s] GC(1) Pause Cleanup 24M->24M(4096M) 0.008ms
[2024-12-16T10:05:58.167+0000][5.233s] GC(1) User=0.00s Sys=0.00s Real=0.00s
[2024-12-16T10:05:58.167+0000][5.233s] GC(1) Concurrent Cleanup for Next Mark
[2024-12-16T10:05:58.221+0000][5.287s] GC(1) Concurrent Cleanup for Next Mark 54.024ms
[2024-12-16T10:05:58.221+0000][5.287s] GC(1) Concurrent Mark Cycle 68.961ms
[2024-12-16T10:06:00.430+0000][7.496s] GC(2) Pause Young (Concurrent Start) (Metadata GC Threshold)
[2024-12-16T10:06:00.430+0000][7.496s] GC(2) Using 1 workers of 1 for evacuation
[2024-12-16T10:06:00.467+0000][7.533s] GC(2)   Pre Evacuate Collection Set: 0.5ms
[2024-12-16T10:06:00.467+0000][7.533s] GC(2)   Merge Heap Roots: 0.1ms
[2024-12-16T10:06:00.467+0000][7.533s] GC(2)   Evacuate Collection Set: 35.4ms
[2024-12-16T10:06:00.467+0000][7.533s] GC(2)   Post Evacuate Collection Set: 1.3ms
[2024-12-16T10:06:00.467+0000][7.533s] GC(2)   Other: 0.3ms
[2024-12-16T10:06:00.467+0000][7.533s] GC(2) Eden regions: 50->0(98)
[2024-12-16T10:06:00.467+0000][7.533s] GC(2) Survivor regions: 10->4(13)
[2024-12-16T10:06:00.467+0000][7.533s] GC(2) Old regions: 0->10
[2024-12-16T10:06:00.467+0000][7.533s] GC(2) Archive regions: 2->2
[2024-12-16T10:06:00.467+0000][7.533s] GC(2) Humongous regions: 2->2
[2024-12-16T10:06:00.467+0000][7.533s] GC(2) Metaspace: 35756K(36160K)->35756K(36160K) NonClass: 31239K(31424K)->31239K(31424K) Class: 4517K(4736K)->4517K(4736K)
[2024-12-16T10:06:00.467+0000][7.533s] GC(2) Pause Young (Concurrent Start) (Metadata GC Threshold) 122M->29M(4096M) 37.686ms
[2024-12-16T10:06:00.467+0000][7.533s] GC(2) User=0.04s Sys=0.01s Real=0.03s
[2024-12-16T10:06:00.467+0000][7.534s] GC(3) Concurrent Mark Cycle
[2024-12-16T10:06:00.467+0000][7.534s] GC(3) Concurrent Clear Claimed Marks
[2024-12-16T10:06:00.467+0000][7.534s] GC(3) Concurrent Clear Claimed Marks 0.022ms
[2024-12-16T10:06:00.467+0000][7.534s] GC(3) Concurrent Scan Root Regions
[2024-12-16T10:06:00.521+0000][7.587s] GC(3) Concurrent Scan Root Regions 53.621ms
[2024-12-16T10:06:00.521+0000][7.587s] GC(3) Concurrent Mark
[2024-12-16T10:06:00.521+0000][7.587s] GC(3) Concurrent Mark From Roots
[2024-12-16T10:06:00.521+0000][7.587s] GC(3) Using 1 workers of 1 for marking
[2024-12-16T10:06:00.525+0000][7.591s] GC(3) Concurrent Mark From Roots 3.754ms
[2024-12-16T10:06:00.525+0000][7.591s] GC(3) Concurrent Preclean
[2024-12-16T10:06:00.525+0000][7.591s] GC(3) Concurrent Preclean 0.022ms
[2024-12-16T10:06:00.525+0000][7.591s] GC(3) Pause Remark
[2024-12-16T10:06:00.531+0000][7.597s] GC(3) Pause Remark 31M->31M(4096M) 5.746ms
[2024-12-16T10:06:00.531+0000][7.597s] GC(3) User=0.01s Sys=0.00s Real=0.01s
[2024-12-16T10:06:00.531+0000][7.597s] GC(3) Concurrent Mark 9.865ms
[2024-12-16T10:06:00.531+0000][7.597s] GC(3) Concurrent Rebuild Remembered Sets
[2024-12-16T10:06:00.541+0000][7.608s] GC(3) Concurrent Rebuild Remembered Sets 10.476ms
[2024-12-16T10:06:00.541+0000][7.608s] GC(3) Pause Cleanup
[2024-12-16T10:06:00.542+0000][7.608s] GC(3) Pause Cleanup 33M->33M(4096M) 0.292ms
[2024-12-16T10:06:00.542+0000][7.608s] GC(3) User=0.00s Sys=0.00s Real=0.00s
[2024-12-16T10:06:00.542+0000][7.608s] GC(3) Concurrent Cleanup for Next Mark
[2024-12-16T10:06:00.552+0000][7.618s] GC(3) Concurrent Cleanup for Next Mark 10.270ms
[2024-12-16T10:06:00.552+0000][7.618s] GC(3) Concurrent Mark Cycle 84.836ms
[2024-12-16T10:13:53.067+0000][480.133s] GC(4) Pause Young (Concurrent Start) (G1 Evacuation Pause)
[2024-12-16T10:13:53.067+0000][480.133s] GC(4) Using 1 workers of 1 for evacuation
[2024-12-16T10:13:53.112+0000][480.178s] GC(4)   Pre Evacuate Collection Set: 0.8ms
[2024-12-16T10:13:53.112+0000][480.178s] GC(4)   Merge Heap Roots: 0.2ms
[2024-12-16T10:13:53.112+0000][480.178s] GC(4)   Evacuate Collection Set: 41.9ms
[2024-12-16T10:13:53.112+0000][480.178s] GC(4)   Post Evacuate Collection Set: 1.6ms
[2024-12-16T10:13:53.112+0000][480.178s] GC(4)   Other: 0.3ms
[2024-12-16T10:13:53.112+0000][480.178s] GC(4) Eden regions: 98->0(91)
[2024-12-16T10:13:53.112+0000][480.178s] GC(4) Survivor regions: 4->11(13)
[2024-12-16T10:13:53.112+0000][480.178s] GC(4) Old regions: 10->10
[2024-12-16T10:13:53.112+0000][480.178s] GC(4) Archive regions: 2->2
[2024-12-16T10:13:53.112+0000][480.178s] GC(4) Humongous regions: 2->2
[2024-12-16T10:13:53.112+0000][480.178s] GC(4) Metaspace: 56458K(57024K)->56458K(57024K) NonClass: 49108K(49344K)->49108K(49344K) Class: 7350K(7680K)->7350K(7680K)
[2024-12-16T10:13:53.112+0000][480.178s] GC(4) Pause Young (Concurrent Start) (G1 Evacuation Pause) 225M->43M(4096M) 44.894ms
[2024-12-16T10:13:53.112+0000][480.178s] GC(4) User=0.04s Sys=0.00s Real=0.05s
[2024-12-16T10:13:53.112+0000][480.178s] GC(5) Concurrent Mark Cycle
[2024-12-16T10:13:53.112+0000][480.178s] GC(5) Concurrent Clear Claimed Marks
[2024-12-16T10:13:53.112+0000][480.178s] GC(5) Concurrent Clear Claimed Marks 0.066ms
[2024-12-16T10:13:53.112+0000][480.178s] GC(5) Concurrent Scan Root Regions
[2024-12-16T10:13:53.125+0000][480.191s] GC(5) Concurrent Scan Root Regions 12.811ms
[2024-12-16T10:13:53.125+0000][480.191s] GC(5) Concurrent Mark
[2024-12-16T10:13:53.125+0000][480.191s] GC(5) Concurrent Mark From Roots
[2024-12-16T10:13:53.125+0000][480.191s] GC(5) Using 1 workers of 1 for marking
[2024-12-16T10:13:53.153+0000][480.220s] GC(5) Concurrent Mark From Roots 28.582ms
[2024-12-16T10:13:53.153+0000][480.220s] GC(5) Concurrent Preclean
[2024-12-16T10:13:53.153+0000][480.220s] GC(5) Concurrent Preclean 0.076ms
[2024-12-16T10:13:53.154+0000][480.220s] GC(5) Pause Remark
[2024-12-16T10:13:53.161+0000][480.228s] GC(5) Pause Remark 45M->45M(4096M) 7.940ms
[2024-12-16T10:13:53.161+0000][480.228s] GC(5) User=0.01s Sys=0.00s Real=0.01s
[2024-12-16T10:13:53.162+0000][480.228s] GC(5) Concurrent Mark 36.766ms
[2024-12-16T10:13:53.162+0000][480.228s] GC(5) Concurrent Rebuild Remembered Sets
[2024-12-16T10:13:53.174+0000][480.240s] GC(5) Concurrent Rebuild Remembered Sets 12.334ms
[2024-12-16T10:13:53.174+0000][480.240s] GC(5) Pause Cleanup
[2024-12-16T10:13:53.174+0000][480.240s] GC(5) Pause Cleanup 45M->45M(4096M) 0.235ms
[2024-12-16T10:13:53.174+0000][480.240s] GC(5) User=0.00s Sys=0.00s Real=0.00s
[2024-12-16T10:13:53.174+0000][480.240s] GC(5) Concurrent Cleanup for Next Mark
[2024-12-16T10:13:53.185+0000][480.251s] GC(5) Concurrent Cleanup for Next Mark 10.915ms
[2024-12-16T10:13:53.185+0000][480.251s] GC(5) Concurrent Mark Cycle 73.340ms
[2024-12-16T10:16:27.347+0000][634.413s] Heap
[2024-12-16T10:16:27.347+0000][634.413s]  garbage-first heap   total 4194304K, used 62393K [0x0000000700000000, 0x0000000800000000)
[2024-12-16T10:16:27.347+0000][634.413s]   region size 2048K, 20 young (40960K), 11 survivors (22528K)
[2024-12-16T10:16:27.347+0000][634.413s]  Metaspace       used 56667K, committed 57280K, reserved 1114112K
[2024-12-16T10:16:27.347+0000][634.413s]   class space    used 7382K, committed 7680K, reserved 1048576K
