[2024-12-16T09:38:29.161+0000][0.007s] Using G1
[2024-12-16T09:38:31.321+0000][2.168s] Version: 17.0.13+11 (release)
[2024-12-16T09:38:31.321+0000][2.168s] CPUs: 16 total, 1 available
[2024-12-16T09:38:31.322+0000][2.168s] Memory: 8192M
[2024-12-16T09:38:31.322+0000][2.168s] Large Page Support: Disabled
[2024-12-16T09:38:31.322+0000][2.168s] NUMA Support: Disabled
[2024-12-16T09:38:31.322+0000][2.168s] Compressed Oops: Enabled (Zero based)
[2024-12-16T09:38:31.322+0000][2.168s] Heap Region Size: 2M
[2024-12-16T09:38:31.322+0000][2.168s] Heap Min Capacity: 4G
[2024-12-16T09:38:31.322+0000][2.168s] Heap Initial Capacity: 4G
[2024-12-16T09:38:31.322+0000][2.168s] Heap Max Capacity: 4G
[2024-12-16T09:38:31.322+0000][2.168s] Pre-touch: Enabled
[2024-12-16T09:38:31.322+0000][2.168s] Parallel Workers: 1
[2024-12-16T09:38:31.322+0000][2.168s] Concurrent Workers: 1
[2024-12-16T09:38:31.322+0000][2.168s] Concurrent Refinement Workers: 1
[2024-12-16T09:38:31.322+0000][2.168s] Periodic GC: Disabled
[2024-12-16T09:38:31.329+0000][2.175s] CDS archive(s) mapped at: [0x00007f105f000000-0x00007f105fa62000-0x00007f105fa62000), size 10887168, SharedBaseAddress: 0x00007f105f000000, ArchiveRelocationMode: 1.
[2024-12-16T09:38:31.329+0000][2.175s] Compressed class space mapped at: 0x00007f1060000000-0x00007f10a0000000, reserved size: 1073741824
[2024-12-16T09:38:31.329+0000][2.175s] Narrow klass base: 0x00007f105f000000, Narrow klass shift: 0, Narrow klass range: 0x100000000
[2024-12-16T09:38:34.372+0000][5.219s] GC(0) Pause Young (Concurrent Start) (Metadata GC Threshold)
[2024-12-16T09:38:34.372+0000][5.219s] GC(0) Using 1 workers of 1 for evacuation
[2024-12-16T09:38:34.443+0000][5.290s] GC(0)   Pre Evacuate Collection Set: 0.5ms
[2024-12-16T09:38:34.443+0000][5.290s] GC(0)   Merge Heap Roots: 0.2ms
[2024-12-16T09:38:34.443+0000][5.290s] GC(0)   Evacuate Collection Set: 68.2ms
[2024-12-16T09:38:34.443+0000][5.290s] GC(0)   Post Evacuate Collection Set: 1.4ms
[2024-12-16T09:38:34.443+0000][5.290s] GC(0)   Other: 0.3ms
[2024-12-16T09:38:34.443+0000][5.290s] GC(0) Eden regions: 81->0(92)
[2024-12-16T09:38:34.443+0000][5.290s] GC(0) Survivor regions: 0->10(13)
[2024-12-16T09:38:34.443+0000][5.290s] GC(0) Old regions: 0->0
[2024-12-16T09:38:34.443+0000][5.290s] GC(0) Archive regions: 2->2
[2024-12-16T09:38:34.443+0000][5.290s] GC(0) Humongous regions: 2->2
[2024-12-16T09:38:34.443+0000][5.290s] GC(0) Metaspace: 21251K(21504K)->21251K(21504K) NonClass: 18627K(18752K)->18627K(18752K) Class: 2624K(2752K)->2624K(2752K)
[2024-12-16T09:38:34.443+0000][5.290s] GC(0) Pause Young (Concurrent Start) (Metadata GC Threshold) 166M->22M(4096M) 70.696ms
[2024-12-16T09:38:34.443+0000][5.290s] GC(0) User=0.03s Sys=0.00s Real=0.07s
[2024-12-16T09:38:34.443+0000][5.290s] GC(1) Concurrent Mark Cycle
[2024-12-16T09:38:34.443+0000][5.290s] GC(1) Concurrent Clear Claimed Marks
[2024-12-16T09:38:34.443+0000][5.290s] GC(1) Concurrent Clear Claimed Marks 0.127ms
[2024-12-16T09:38:34.443+0000][5.290s] GC(1) Concurrent Scan Root Regions
[2024-12-16T09:38:34.458+0000][5.304s] GC(1) Concurrent Scan Root Regions 14.420ms
[2024-12-16T09:38:34.458+0000][5.304s] GC(1) Concurrent Mark
[2024-12-16T09:38:34.458+0000][5.304s] GC(1) Concurrent Mark From Roots
[2024-12-16T09:38:34.458+0000][5.304s] GC(1) Using 1 workers of 1 for marking
[2024-12-16T09:38:34.461+0000][5.308s] GC(1) Concurrent Mark From Roots 3.612ms
[2024-12-16T09:38:34.461+0000][5.308s] GC(1) Concurrent Preclean
[2024-12-16T09:38:34.461+0000][5.308s] GC(1) Concurrent Preclean 0.023ms
[2024-12-16T09:38:34.461+0000][5.308s] GC(1) Pause Remark
[2024-12-16T09:38:34.466+0000][5.313s] GC(1) Pause Remark 25M->25M(4096M) 4.483ms
[2024-12-16T09:38:34.466+0000][5.313s] GC(1) User=0.01s Sys=0.00s Real=0.00s
[2024-12-16T09:38:34.466+0000][5.313s] GC(1) Concurrent Mark 8.299ms
[2024-12-16T09:38:34.466+0000][5.313s] GC(1) Concurrent Rebuild Remembered Sets
[2024-12-16T09:38:34.466+0000][5.313s] GC(1) Concurrent Rebuild Remembered Sets 0.004ms
[2024-12-16T09:38:34.466+0000][5.313s] GC(1) Pause Cleanup
[2024-12-16T09:38:34.466+0000][5.313s] GC(1) Pause Cleanup 25M->25M(4096M) 0.009ms
[2024-12-16T09:38:34.466+0000][5.313s] GC(1) User=0.00s Sys=0.00s Real=0.00s
[2024-12-16T09:38:34.466+0000][5.313s] GC(1) Concurrent Cleanup for Next Mark
[2024-12-16T09:38:34.521+0000][5.368s] GC(1) Concurrent Cleanup for Next Mark 54.831ms
[2024-12-16T09:38:34.521+0000][5.368s] GC(1) Concurrent Mark Cycle 77.961ms
[2024-12-16T09:38:36.825+0000][7.671s] GC(2) Pause Young (Concurrent Start) (GCLocker Initiated GC)
[2024-12-16T09:38:36.825+0000][7.671s] GC(2) Using 1 workers of 1 for evacuation
[2024-12-16T09:38:36.863+0000][7.710s] GC(2)   Pre Evacuate Collection Set: 0.5ms
[2024-12-16T09:38:36.863+0000][7.710s] GC(2)   Merge Heap Roots: 0.1ms
[2024-12-16T09:38:36.863+0000][7.710s] GC(2)   Evacuate Collection Set: 35.9ms
[2024-12-16T09:38:36.863+0000][7.710s] GC(2)   Post Evacuate Collection Set: 1.5ms
[2024-12-16T09:38:36.863+0000][7.710s] GC(2)   Other: 0.3ms
[2024-12-16T09:38:36.863+0000][7.710s] GC(2) Eden regions: 47->0(98)
[2024-12-16T09:38:36.863+0000][7.710s] GC(2) Survivor regions: 10->4(13)
[2024-12-16T09:38:36.863+0000][7.710s] GC(2) Old regions: 0->10
[2024-12-16T09:38:36.863+0000][7.710s] GC(2) Archive regions: 2->2
[2024-12-16T09:38:36.863+0000][7.710s] GC(2) Humongous regions: 2->2
[2024-12-16T09:38:36.863+0000][7.710s] GC(2) Metaspace: 35852K(36224K)->35852K(36224K) NonClass: 31330K(31488K)->31330K(31488K) Class: 4521K(4736K)->4521K(4736K)
[2024-12-16T09:38:36.863+0000][7.710s] GC(2) Pause Young (Concurrent Start) (GCLocker Initiated GC) 116M->29M(4096M) 38.329ms
[2024-12-16T09:38:36.863+0000][7.710s] GC(2) User=0.04s Sys=0.00s Real=0.04s
[2024-12-16T09:38:36.863+0000][7.710s] GC(3) Concurrent Mark Cycle
[2024-12-16T09:38:36.863+0000][7.710s] GC(3) Concurrent Clear Claimed Marks
[2024-12-16T09:38:36.863+0000][7.710s] GC(3) Concurrent Clear Claimed Marks 0.038ms
[2024-12-16T09:38:36.863+0000][7.710s] GC(3) Concurrent Scan Root Regions
[2024-12-16T09:38:36.872+0000][7.719s] GC(3) Concurrent Scan Root Regions 8.912ms
[2024-12-16T09:38:36.872+0000][7.719s] GC(3) Concurrent Mark
[2024-12-16T09:38:36.872+0000][7.719s] GC(3) Concurrent Mark From Roots
[2024-12-16T09:38:36.872+0000][7.719s] GC(3) Using 1 workers of 1 for marking
[2024-12-16T09:38:36.921+0000][7.767s] GC(3) Concurrent Mark From Roots 48.378ms
[2024-12-16T09:38:36.921+0000][7.768s] GC(3) Concurrent Preclean
[2024-12-16T09:38:36.921+0000][7.768s] GC(3) Concurrent Preclean 0.150ms
[2024-12-16T09:38:36.921+0000][7.768s] GC(3) Pause Remark
[2024-12-16T09:38:36.928+0000][7.774s] GC(3) Pause Remark 31M->31M(4096M) 6.588ms
[2024-12-16T09:38:36.928+0000][7.774s] GC(3) User=0.01s Sys=0.00s Real=0.00s
[2024-12-16T09:38:36.928+0000][7.774s] GC(3) Concurrent Mark 55.417ms
[2024-12-16T09:38:36.928+0000][7.775s] GC(3) Concurrent Rebuild Remembered Sets
[2024-12-16T09:38:36.937+0000][7.783s] GC(3) Concurrent Rebuild Remembered Sets 8.780ms
[2024-12-16T09:38:36.937+0000][7.783s] GC(3) Pause Cleanup
[2024-12-16T09:38:36.937+0000][7.784s] GC(3) Pause Cleanup 33M->33M(4096M) 0.291ms
[2024-12-16T09:38:36.937+0000][7.784s] GC(3) User=0.00s Sys=0.00s Real=0.00s
[2024-12-16T09:38:36.937+0000][7.784s] GC(3) Concurrent Cleanup for Next Mark
[2024-12-16T09:38:36.948+0000][7.794s] GC(3) Concurrent Cleanup for Next Mark 10.668ms
[2024-12-16T09:38:36.948+0000][7.794s] GC(3) Concurrent Mark Cycle 84.680ms
[2024-12-16T10:03:06.302+0000][1477.149s] GC(4) Pause Young (Concurrent Start) (G1 Evacuation Pause)
[2024-12-16T10:03:06.302+0000][1477.149s] GC(4) Using 1 workers of 1 for evacuation
[2024-12-16T10:03:06.358+0000][1477.205s] GC(4)   Pre Evacuate Collection Set: 1.1ms
[2024-12-16T10:03:06.358+0000][1477.205s] GC(4)   Merge Heap Roots: 0.2ms
[2024-12-16T10:03:06.358+0000][1477.205s] GC(4)   Evacuate Collection Set: 51.6ms
[2024-12-16T10:03:06.358+0000][1477.205s] GC(4)   Post Evacuate Collection Set: 1.7ms
[2024-12-16T10:03:06.358+0000][1477.205s] GC(4)   Other: 0.9ms
[2024-12-16T10:03:06.358+0000][1477.205s] GC(4) Eden regions: 98->0(91)
[2024-12-16T10:03:06.358+0000][1477.205s] GC(4) Survivor regions: 4->11(13)
[2024-12-16T10:03:06.358+0000][1477.205s] GC(4) Old regions: 10->10
[2024-12-16T10:03:06.358+0000][1477.205s] GC(4) Archive regions: 2->2
[2024-12-16T10:03:06.358+0000][1477.205s] GC(4) Humongous regions: 2->2
[2024-12-16T10:03:06.358+0000][1477.205s] GC(4) Metaspace: 56630K(57152K)->56630K(57152K) NonClass: 49312K(49600K)->49312K(49600K) Class: 7318K(7552K)->7318K(7552K)
[2024-12-16T10:03:06.358+0000][1477.205s] GC(4) Pause Young (Concurrent Start) (G1 Evacuation Pause) 225M->44M(4096M) 55.497ms
[2024-12-16T10:03:06.358+0000][1477.205s] GC(4) User=0.07s Sys=0.00s Real=0.06s
[2024-12-16T10:03:06.358+0000][1477.205s] GC(5) Concurrent Mark Cycle
[2024-12-16T10:03:06.358+0000][1477.205s] GC(5) Concurrent Clear Claimed Marks
[2024-12-16T10:03:06.358+0000][1477.205s] GC(5) Concurrent Clear Claimed Marks 0.050ms
[2024-12-16T10:03:06.358+0000][1477.205s] GC(5) Concurrent Scan Root Regions
[2024-12-16T10:03:06.369+0000][1477.216s] GC(5) Concurrent Scan Root Regions 11.396ms
[2024-12-16T10:03:06.369+0000][1477.216s] GC(5) Concurrent Mark
[2024-12-16T10:03:06.369+0000][1477.216s] GC(5) Concurrent Mark From Roots
[2024-12-16T10:03:06.369+0000][1477.216s] GC(5) Using 1 workers of 1 for marking
[2024-12-16T10:03:06.433+0000][1477.280s] GC(5) Concurrent Mark From Roots 63.773ms
[2024-12-16T10:03:06.433+0000][1477.280s] GC(5) Concurrent Preclean
[2024-12-16T10:03:06.433+0000][1477.280s] GC(5) Concurrent Preclean 0.108ms
[2024-12-16T10:03:06.433+0000][1477.280s] GC(5) Pause Remark
[2024-12-16T10:03:06.442+0000][1477.289s] GC(5) Pause Remark 49M->49M(4096M) 8.591ms
[2024-12-16T10:03:06.442+0000][1477.289s] GC(5) User=0.01s Sys=0.00s Real=0.01s
[2024-12-16T10:03:06.442+0000][1477.289s] GC(5) Concurrent Mark 72.649ms
[2024-12-16T10:03:06.442+0000][1477.289s] GC(5) Concurrent Rebuild Remembered Sets
[2024-12-16T10:03:06.452+0000][1477.299s] GC(5) Concurrent Rebuild Remembered Sets 10.048ms
[2024-12-16T10:03:06.452+0000][1477.299s] GC(5) Pause Cleanup
[2024-12-16T10:03:06.452+0000][1477.299s] GC(5) Pause Cleanup 49M->49M(4096M) 0.255ms
[2024-12-16T10:03:06.452+0000][1477.299s] GC(5) User=0.00s Sys=0.00s Real=0.00s
[2024-12-16T10:03:06.453+0000][1477.299s] GC(5) Concurrent Cleanup for Next Mark
[2024-12-16T10:03:06.524+0000][1477.370s] GC(5) Concurrent Cleanup for Next Mark 71.256ms
[2024-12-16T10:03:06.524+0000][1477.371s] GC(5) Concurrent Mark Cycle 165.884ms
[2024-12-16T10:05:51.149+0000][1641.996s] Heap
[2024-12-16T10:05:51.150+0000][1641.996s]  garbage-first heap   total 4194304K, used 68425K [0x0000000700000000, 0x0000000800000000)
[2024-12-16T10:05:51.150+0000][1641.997s]   region size 2048K, 22 young (45056K), 11 survivors (22528K)
[2024-12-16T10:05:51.150+0000][1641.997s]  Metaspace       used 56859K, committed 57408K, reserved 1114112K
[2024-12-16T10:05:51.150+0000][1641.997s]   class space    used 7355K, committed 7616K, reserved 1048576K
