[2024-12-16T10:16:29.147+0000][0.007s] Using G1
[2024-12-16T10:16:31.330+0000][2.189s] Version: 17.0.13+11 (release)
[2024-12-16T10:16:31.330+0000][2.189s] CPUs: 16 total, 1 available
[2024-12-16T10:16:31.330+0000][2.189s] Memory: 8192M
[2024-12-16T10:16:31.330+0000][2.189s] Large Page Support: Disabled
[2024-12-16T10:16:31.330+0000][2.189s] NUMA Support: Disabled
[2024-12-16T10:16:31.330+0000][2.189s] Compressed Oops: Enabled (Zero based)
[2024-12-16T10:16:31.330+0000][2.189s] Heap Region Size: 2M
[2024-12-16T10:16:31.330+0000][2.189s] Heap Min Capacity: 4G
[2024-12-16T10:16:31.330+0000][2.189s] Heap Initial Capacity: 4G
[2024-12-16T10:16:31.330+0000][2.189s] Heap Max Capacity: 4G
[2024-12-16T10:16:31.330+0000][2.189s] Pre-touch: Enabled
[2024-12-16T10:16:31.330+0000][2.189s] Parallel Workers: 1
[2024-12-16T10:16:31.330+0000][2.189s] Concurrent Workers: 1
[2024-12-16T10:16:31.330+0000][2.189s] Concurrent Refinement Workers: 1
[2024-12-16T10:16:31.330+0000][2.189s] Periodic GC: Disabled
[2024-12-16T10:16:31.337+0000][2.196s] CDS archive(s) mapped at: [0x00007fa717000000-0x00007fa717a62000-0x00007fa717a62000), size 10887168, SharedBaseAddress: 0x00007fa717000000, ArchiveRelocationMode: 1.
[2024-12-16T10:16:31.337+0000][2.196s] Compressed class space mapped at: 0x00007fa718000000-0x00007fa758000000, reserved size: 1073741824
[2024-12-16T10:16:31.337+0000][2.196s] Narrow klass base: 0x00007fa717000000, Narrow klass shift: 0, Narrow klass range: 0x100000000
[2024-12-16T10:16:34.323+0000][5.182s] GC(0) Pause Young (Concurrent Start) (Metadata GC Threshold)
[2024-12-16T10:16:34.323+0000][5.182s] GC(0) Using 1 workers of 1 for evacuation
[2024-12-16T10:16:34.360+0000][5.220s] GC(0)   Pre Evacuate Collection Set: 0.4ms
[2024-12-16T10:16:34.360+0000][5.220s] GC(0)   Merge Heap Roots: 0.2ms
[2024-12-16T10:16:34.360+0000][5.220s] GC(0)   Evacuate Collection Set: 34.4ms
[2024-12-16T10:16:34.360+0000][5.220s] GC(0)   Post Evacuate Collection Set: 2.1ms
[2024-12-16T10:16:34.360+0000][5.220s] GC(0)   Other: 0.3ms
[2024-12-16T10:16:34.360+0000][5.220s] GC(0) Eden regions: 81->0(92)
[2024-12-16T10:16:34.360+0000][5.220s] GC(0) Survivor regions: 0->10(13)
[2024-12-16T10:16:34.360+0000][5.220s] GC(0) Old regions: 0->0
[2024-12-16T10:16:34.360+0000][5.220s] GC(0) Archive regions: 2->2
[2024-12-16T10:16:34.360+0000][5.220s] GC(0) Humongous regions: 2->2
[2024-12-16T10:16:34.360+0000][5.220s] GC(0) Metaspace: 21213K(21504K)->21213K(21504K) NonClass: 18589K(18752K)->18589K(18752K) Class: 2624K(2752K)->2624K(2752K)
[2024-12-16T10:16:34.360+0000][5.220s] GC(0) Pause Young (Concurrent Start) (Metadata GC Threshold) 166M->22M(4096M) 37.537ms
[2024-12-16T10:16:34.360+0000][5.220s] GC(0) User=0.06s Sys=0.01s Real=0.04s
[2024-12-16T10:16:34.360+0000][5.220s] GC(1) Concurrent Mark Cycle
[2024-12-16T10:16:34.360+0000][5.220s] GC(1) Concurrent Clear Claimed Marks
[2024-12-16T10:16:34.360+0000][5.220s] GC(1) Concurrent Clear Claimed Marks 0.032ms
[2024-12-16T10:16:34.360+0000][5.220s] GC(1) Concurrent Scan Root Regions
[2024-12-16T10:16:34.423+0000][5.282s] GC(1) Concurrent Scan Root Regions 62.181ms
[2024-12-16T10:16:34.423+0000][5.282s] GC(1) Concurrent Mark
[2024-12-16T10:16:34.423+0000][5.282s] GC(1) Concurrent Mark From Roots
[2024-12-16T10:16:34.423+0000][5.282s] GC(1) Using 1 workers of 1 for marking
[2024-12-16T10:16:34.426+0000][5.286s] GC(1) Concurrent Mark From Roots 3.571ms
[2024-12-16T10:16:34.426+0000][5.286s] GC(1) Concurrent Preclean
[2024-12-16T10:16:34.426+0000][5.286s] GC(1) Concurrent Preclean 0.023ms
[2024-12-16T10:16:34.426+0000][5.286s] GC(1) Pause Remark
[2024-12-16T10:16:34.431+0000][5.290s] GC(1) Pause Remark 24M->24M(4096M) 4.804ms
[2024-12-16T10:16:34.431+0000][5.291s] GC(1) User=0.01s Sys=0.01s Real=0.01s
[2024-12-16T10:16:34.431+0000][5.291s] GC(1) Concurrent Mark 8.612ms
[2024-12-16T10:16:34.431+0000][5.291s] GC(1) Concurrent Rebuild Remembered Sets
[2024-12-16T10:16:34.431+0000][5.291s] GC(1) Concurrent Rebuild Remembered Sets 0.004ms
[2024-12-16T10:16:34.431+0000][5.291s] GC(1) Pause Cleanup
[2024-12-16T10:16:34.431+0000][5.291s] GC(1) Pause Cleanup 24M->24M(4096M) 0.009ms
[2024-12-16T10:16:34.431+0000][5.291s] GC(1) User=0.00s Sys=0.00s Real=0.00s
[2024-12-16T10:16:34.431+0000][5.291s] GC(1) Concurrent Cleanup for Next Mark
[2024-12-16T10:16:34.442+0000][5.302s] GC(1) Concurrent Cleanup for Next Mark 10.800ms
[2024-12-16T10:16:34.442+0000][5.302s] GC(1) Concurrent Mark Cycle 81.909ms
[2024-12-16T10:16:36.643+0000][7.502s] GC(2) Pause Young (Concurrent Start) (Metadata GC Threshold)
[2024-12-16T10:16:36.643+0000][7.502s] GC(2) Using 1 workers of 1 for evacuation
[2024-12-16T10:16:36.753+0000][7.612s] GC(2)   Pre Evacuate Collection Set: 0.5ms
[2024-12-16T10:16:36.753+0000][7.612s] GC(2)   Merge Heap Roots: 0.1ms
[2024-12-16T10:16:36.753+0000][7.612s] GC(2)   Evacuate Collection Set: 107.3ms
[2024-12-16T10:16:36.753+0000][7.612s] GC(2)   Post Evacuate Collection Set: 1.4ms
[2024-12-16T10:16:36.753+0000][7.612s] GC(2)   Other: 0.3ms
[2024-12-16T10:16:36.753+0000][7.612s] GC(2) Eden regions: 50->0(99)
[2024-12-16T10:16:36.753+0000][7.612s] GC(2) Survivor regions: 10->3(13)
[2024-12-16T10:16:36.753+0000][7.612s] GC(2) Old regions: 0->10
[2024-12-16T10:16:36.753+0000][7.612s] GC(2) Archive regions: 2->2
[2024-12-16T10:16:36.753+0000][7.612s] GC(2) Humongous regions: 2->2
[2024-12-16T10:16:36.753+0000][7.612s] GC(2) Metaspace: 35730K(36096K)->35730K(36096K) NonClass: 31222K(31424K)->31222K(31424K) Class: 4508K(4672K)->4508K(4672K)
[2024-12-16T10:16:36.753+0000][7.612s] GC(2) Pause Young (Concurrent Start) (Metadata GC Threshold) 121M->29M(4096M) 109.819ms
[2024-12-16T10:16:36.753+0000][7.612s] GC(2) User=0.04s Sys=0.00s Real=0.11s
[2024-12-16T10:16:36.753+0000][7.612s] GC(3) Concurrent Mark Cycle
[2024-12-16T10:16:36.753+0000][7.612s] GC(3) Concurrent Clear Claimed Marks
[2024-12-16T10:16:36.753+0000][7.612s] GC(3) Concurrent Clear Claimed Marks 0.028ms
[2024-12-16T10:16:36.753+0000][7.612s] GC(3) Concurrent Scan Root Regions
[2024-12-16T10:16:36.762+0000][7.622s] GC(3) Concurrent Scan Root Regions 9.438ms
[2024-12-16T10:16:36.762+0000][7.622s] GC(3) Concurrent Mark
[2024-12-16T10:16:36.762+0000][7.622s] GC(3) Concurrent Mark From Roots
[2024-12-16T10:16:36.762+0000][7.622s] GC(3) Using 1 workers of 1 for marking
[2024-12-16T10:16:36.766+0000][7.625s] GC(3) Concurrent Mark From Roots 3.521ms
[2024-12-16T10:16:36.766+0000][7.625s] GC(3) Concurrent Preclean
[2024-12-16T10:16:36.766+0000][7.625s] GC(3) Concurrent Preclean 0.022ms
[2024-12-16T10:16:36.772+0000][7.632s] GC(3) Pause Remark
[2024-12-16T10:16:36.778+0000][7.637s] GC(3) Pause Remark 32M->32M(4096M) 5.588ms
[2024-12-16T10:16:36.778+0000][7.637s] GC(3) User=0.01s Sys=0.00s Real=0.01s
[2024-12-16T10:16:36.778+0000][7.637s] GC(3) Concurrent Mark 15.592ms
[2024-12-16T10:16:36.778+0000][7.637s] GC(3) Concurrent Rebuild Remembered Sets
[2024-12-16T10:16:36.827+0000][7.686s] GC(3) Concurrent Rebuild Remembered Sets 48.651ms
[2024-12-16T10:16:36.827+0000][7.686s] GC(3) Pause Cleanup
[2024-12-16T10:16:36.827+0000][7.686s] GC(3) Pause Cleanup 32M->32M(4096M) 0.278ms
[2024-12-16T10:16:36.827+0000][7.686s] GC(3) User=0.00s Sys=0.00s Real=0.00s
[2024-12-16T10:16:36.827+0000][7.686s] GC(3) Concurrent Cleanup for Next Mark
[2024-12-16T10:16:36.837+0000][7.697s] GC(3) Concurrent Cleanup for Next Mark 10.208ms
[2024-12-16T10:16:36.837+0000][7.697s] GC(3) Concurrent Mark Cycle 84.485ms
[2024-12-16T10:17:27.045+0000][57.904s] Heap
[2024-12-16T10:17:27.045+0000][57.904s]  garbage-first heap   total 4194304K, used 177183K [0x0000000700000000, 0x0000000800000000)
[2024-12-16T10:17:27.045+0000][57.904s]   region size 2048K, 75 young (153600K), 3 survivors (6144K)
[2024-12-16T10:17:27.045+0000][57.904s]  Metaspace       used 51438K, committed 51904K, reserved 1114112K
[2024-12-16T10:17:27.045+0000][57.904s]   class space    used 6708K, committed 6912K, reserved 1048576K
