[2024-12-16T09:18:36.363+0000][0.006s] Using G1
[2024-12-16T09:18:38.493+0000][2.136s] Version: 17.0.13+11 (release)
[2024-12-16T09:18:38.493+0000][2.136s] CPUs: 16 total, 1 available
[2024-12-16T09:18:38.493+0000][2.136s] Memory: 8192M
[2024-12-16T09:18:38.493+0000][2.136s] Large Page Support: Disabled
[2024-12-16T09:18:38.493+0000][2.136s] NUMA Support: Disabled
[2024-12-16T09:18:38.493+0000][2.136s] Compressed Oops: Enabled (Zero based)
[2024-12-16T09:18:38.493+0000][2.136s] Heap Region Size: 2M
[2024-12-16T09:18:38.493+0000][2.136s] Heap Min Capacity: 4G
[2024-12-16T09:18:38.493+0000][2.136s] Heap Initial Capacity: 4G
[2024-12-16T09:18:38.493+0000][2.136s] Heap Max Capacity: 4G
[2024-12-16T09:18:38.493+0000][2.136s] Pre-touch: Enabled
[2024-12-16T09:18:38.493+0000][2.136s] Parallel Workers: 1
[2024-12-16T09:18:38.493+0000][2.136s] Concurrent Workers: 1
[2024-12-16T09:18:38.493+0000][2.136s] Concurrent Refinement Workers: 1
[2024-12-16T09:18:38.493+0000][2.136s] Periodic GC: Disabled
[2024-12-16T09:18:38.500+0000][2.143s] CDS archive(s) mapped at: [0x00007f95a3000000-0x00007f95a3a62000-0x00007f95a3a62000), size 10887168, SharedBaseAddress: 0x00007f95a3000000, ArchiveRelocationMode: 1.
[2024-12-16T09:18:38.500+0000][2.143s] Compressed class space mapped at: 0x00007f95a4000000-0x00007f95e4000000, reserved size: 1073741824
[2024-12-16T09:18:38.500+0000][2.143s] Narrow klass base: 0x00007f95a3000000, Narrow klass shift: 0, Narrow klass range: 0x100000000
[2024-12-16T09:18:41.343+0000][4.986s] GC(0) Pause Young (Concurrent Start) (Metadata GC Threshold)
[2024-12-16T09:18:41.343+0000][4.986s] GC(0) Using 1 workers of 1 for evacuation
[2024-12-16T09:18:41.374+0000][5.017s] GC(0)   Pre Evacuate Collection Set: 0.5ms
[2024-12-16T09:18:41.374+0000][5.017s] GC(0)   Merge Heap Roots: 0.2ms
[2024-12-16T09:18:41.374+0000][5.017s] GC(0)   Evacuate Collection Set: 28.9ms
[2024-12-16T09:18:41.374+0000][5.017s] GC(0)   Post Evacuate Collection Set: 1.3ms
[2024-12-16T09:18:41.374+0000][5.017s] GC(0)   Other: 0.3ms
[2024-12-16T09:18:41.374+0000][5.017s] GC(0) Eden regions: 82->0(92)
[2024-12-16T09:18:41.374+0000][5.017s] GC(0) Survivor regions: 0->10(13)
[2024-12-16T09:18:41.374+0000][5.017s] GC(0) Old regions: 0->0
[2024-12-16T09:18:41.374+0000][5.017s] GC(0) Archive regions: 2->2
[2024-12-16T09:18:41.374+0000][5.017s] GC(0) Humongous regions: 2->2
[2024-12-16T09:18:41.374+0000][5.017s] GC(0) Metaspace: 21218K(21504K)->21218K(21504K) NonClass: 18594K(18752K)->18594K(18752K) Class: 2624K(2752K)->2624K(2752K)
[2024-12-16T09:18:41.374+0000][5.017s] GC(0) Pause Young (Concurrent Start) (Metadata GC Threshold) 168M->22M(4096M) 31.291ms
[2024-12-16T09:18:41.374+0000][5.017s] GC(0) User=0.04s Sys=0.00s Real=0.03s
[2024-12-16T09:18:41.374+0000][5.017s] GC(1) Concurrent Mark Cycle
[2024-12-16T09:18:41.374+0000][5.017s] GC(1) Concurrent Clear Claimed Marks
[2024-12-16T09:18:41.374+0000][5.017s] GC(1) Concurrent Clear Claimed Marks 0.028ms
[2024-12-16T09:18:41.374+0000][5.017s] GC(1) Concurrent Scan Root Regions
[2024-12-16T09:18:41.421+0000][5.064s] GC(1) Concurrent Scan Root Regions 46.742ms
[2024-12-16T09:18:41.421+0000][5.064s] GC(1) Concurrent Mark
[2024-12-16T09:18:41.421+0000][5.064s] GC(1) Concurrent Mark From Roots
[2024-12-16T09:18:41.421+0000][5.064s] GC(1) Using 1 workers of 1 for marking
[2024-12-16T09:18:41.424+0000][5.067s] GC(1) Concurrent Mark From Roots 3.533ms
[2024-12-16T09:18:41.424+0000][5.067s] GC(1) Concurrent Preclean
[2024-12-16T09:18:41.424+0000][5.068s] GC(1) Concurrent Preclean 0.021ms
[2024-12-16T09:18:41.425+0000][5.068s] GC(1) Pause Remark
[2024-12-16T09:18:41.429+0000][5.072s] GC(1) Pause Remark 23M->23M(4096M) 4.619ms
[2024-12-16T09:18:41.429+0000][5.072s] GC(1) User=0.00s Sys=0.00s Real=0.01s
[2024-12-16T09:18:41.429+0000][5.072s] GC(1) Concurrent Mark 8.380ms
[2024-12-16T09:18:41.429+0000][5.072s] GC(1) Concurrent Rebuild Remembered Sets
[2024-12-16T09:18:41.429+0000][5.072s] GC(1) Concurrent Rebuild Remembered Sets 0.005ms
[2024-12-16T09:18:41.429+0000][5.072s] GC(1) Pause Cleanup
[2024-12-16T09:18:41.429+0000][5.072s] GC(1) Pause Cleanup 23M->23M(4096M) 0.012ms
[2024-12-16T09:18:41.429+0000][5.072s] GC(1) User=0.00s Sys=0.00s Real=0.00s
[2024-12-16T09:18:41.429+0000][5.072s] GC(1) Concurrent Cleanup for Next Mark
[2024-12-16T09:18:41.440+0000][5.083s] GC(1) Concurrent Cleanup for Next Mark 10.371ms
[2024-12-16T09:18:41.440+0000][5.083s] GC(1) Concurrent Mark Cycle 65.818ms
[2024-12-16T09:18:44.025+0000][7.668s] GC(2) Pause Young (Concurrent Start) (Metadata GC Threshold)
[2024-12-16T09:18:44.025+0000][7.668s] GC(2) Using 1 workers of 1 for evacuation
[2024-12-16T09:18:44.063+0000][7.706s] GC(2)   Pre Evacuate Collection Set: 0.5ms
[2024-12-16T09:18:44.063+0000][7.706s] GC(2)   Merge Heap Roots: 0.1ms
[2024-12-16T09:18:44.063+0000][7.706s] GC(2)   Evacuate Collection Set: 35.9ms
[2024-12-16T09:18:44.063+0000][7.706s] GC(2)   Post Evacuate Collection Set: 1.4ms
[2024-12-16T09:18:44.063+0000][7.706s] GC(2)   Other: 0.3ms
[2024-12-16T09:18:44.063+0000][7.706s] GC(2) Eden regions: 68->0(98)
[2024-12-16T09:18:44.063+0000][7.706s] GC(2) Survivor regions: 10->4(13)
[2024-12-16T09:18:44.063+0000][7.706s] GC(2) Old regions: 0->10
[2024-12-16T09:18:44.063+0000][7.706s] GC(2) Archive regions: 2->2
[2024-12-16T09:18:44.063+0000][7.706s] GC(2) Humongous regions: 2->2
[2024-12-16T09:18:44.063+0000][7.706s] GC(2) Metaspace: 35754K(36096K)->35754K(36096K) NonClass: 31247K(31424K)->31247K(31424K) Class: 4507K(4672K)->4507K(4672K)
[2024-12-16T09:18:44.063+0000][7.706s] GC(2) Pause Young (Concurrent Start) (Metadata GC Threshold) 158M->30M(4096M) 38.295ms
[2024-12-16T09:18:44.063+0000][7.706s] GC(2) User=0.05s Sys=0.00s Real=0.04s
[2024-12-16T09:18:44.063+0000][7.706s] GC(3) Concurrent Mark Cycle
[2024-12-16T09:18:44.063+0000][7.706s] GC(3) Concurrent Clear Claimed Marks
[2024-12-16T09:18:44.063+0000][7.706s] GC(3) Concurrent Clear Claimed Marks 0.032ms
[2024-12-16T09:18:44.063+0000][7.706s] GC(3) Concurrent Scan Root Regions
[2024-12-16T09:18:44.072+0000][7.715s] GC(3) Concurrent Scan Root Regions 8.930ms
[2024-12-16T09:18:44.072+0000][7.715s] GC(3) Concurrent Mark
[2024-12-16T09:18:44.072+0000][7.715s] GC(3) Concurrent Mark From Roots
[2024-12-16T09:18:44.072+0000][7.715s] GC(3) Using 1 workers of 1 for marking
[2024-12-16T09:18:44.075+0000][7.718s] GC(3) Concurrent Mark From Roots 3.423ms
[2024-12-16T09:18:44.075+0000][7.718s] GC(3) Concurrent Preclean
[2024-12-16T09:18:44.075+0000][7.718s] GC(3) Concurrent Preclean 0.022ms
[2024-12-16T09:18:44.075+0000][7.719s] GC(3) Pause Remark
[2024-12-16T09:18:44.130+0000][7.773s] GC(3) Pause Remark 31M->31M(4096M) 54.613ms
[2024-12-16T09:18:44.130+0000][7.773s] GC(3) User=0.01s Sys=0.00s Real=0.06s
[2024-12-16T09:18:44.130+0000][7.773s] GC(3) Concurrent Mark 58.331ms
[2024-12-16T09:18:44.130+0000][7.773s] GC(3) Concurrent Rebuild Remembered Sets
[2024-12-16T09:18:44.144+0000][7.787s] GC(3) Concurrent Rebuild Remembered Sets 13.880ms
[2024-12-16T09:18:44.144+0000][7.787s] GC(3) Pause Cleanup
[2024-12-16T09:18:44.147+0000][7.790s] GC(3) Pause Cleanup 34M->34M(4096M) 2.535ms
[2024-12-16T09:18:44.147+0000][7.790s] GC(3) User=0.00s Sys=0.00s Real=0.00s
[2024-12-16T09:18:44.147+0000][7.790s] GC(3) Concurrent Cleanup for Next Mark
[2024-12-16T09:18:44.224+0000][7.867s] GC(3) Concurrent Cleanup for Next Mark 76.773ms
[2024-12-16T09:18:44.224+0000][7.867s] GC(3) Concurrent Mark Cycle 160.774ms
[2024-12-16T09:38:23.921+0000][1187.564s] Heap
[2024-12-16T09:38:23.921+0000][1187.564s]  garbage-first heap   total 4194304K, used 206377K [0x0000000700000000, 0x0000000800000000)
[2024-12-16T09:38:23.921+0000][1187.564s]   region size 2048K, 90 young (184320K), 4 survivors (8192K)
[2024-12-16T09:38:23.921+0000][1187.564s]  Metaspace       used 53638K, committed 54144K, reserved 1114112K
[2024-12-16T09:38:23.921+0000][1187.564s]   class space    used 6959K, committed 7168K, reserved 1048576K
