[2024-12-16T09:06:32.332+0000][0.008s] Using G1
[2024-12-16T09:06:34.467+0000][2.143s] Version: 17.0.13+11 (release)
[2024-12-16T09:06:34.467+0000][2.143s] CPUs: 16 total, 1 available
[2024-12-16T09:06:34.467+0000][2.143s] Memory: 8192M
[2024-12-16T09:06:34.467+0000][2.143s] Large Page Support: Disabled
[2024-12-16T09:06:34.467+0000][2.143s] NUMA Support: Disabled
[2024-12-16T09:06:34.467+0000][2.143s] Compressed Oops: Enabled (Zero based)
[2024-12-16T09:06:34.467+0000][2.143s] Heap Region Size: 2M
[2024-12-16T09:06:34.467+0000][2.143s] Heap Min Capacity: 4G
[2024-12-16T09:06:34.467+0000][2.143s] Heap Initial Capacity: 4G
[2024-12-16T09:06:34.467+0000][2.143s] Heap Max Capacity: 4G
[2024-12-16T09:06:34.467+0000][2.143s] Pre-touch: Enabled
[2024-12-16T09:06:34.467+0000][2.143s] Parallel Workers: 1
[2024-12-16T09:06:34.467+0000][2.143s] Concurrent Workers: 1
[2024-12-16T09:06:34.467+0000][2.143s] Concurrent Refinement Workers: 1
[2024-12-16T09:06:34.467+0000][2.143s] Periodic GC: Disabled
[2024-12-16T09:06:34.475+0000][2.151s] CDS archive(s) mapped at: [0x00007f37a7000000-0x00007f37a7a62000-0x00007f37a7a62000), size 10887168, SharedBaseAddress: 0x00007f37a7000000, ArchiveRelocationMode: 1.
[2024-12-16T09:06:34.475+0000][2.151s] Compressed class space mapped at: 0x00007f37a8000000-0x00007f37e8000000, reserved size: 1073741824
[2024-12-16T09:06:34.475+0000][2.151s] Narrow klass base: 0x00007f37a7000000, Narrow klass shift: 0, Narrow klass range: 0x100000000
[2024-12-16T09:06:37.550+0000][5.226s] GC(0) Pause Young (Concurrent Start) (Metadata GC Threshold)
[2024-12-16T09:06:37.550+0000][5.226s] GC(0) Using 1 workers of 1 for evacuation
[2024-12-16T09:06:37.581+0000][5.257s] GC(0)   Pre Evacuate Collection Set: 0.5ms
[2024-12-16T09:06:37.581+0000][5.257s] GC(0)   Merge Heap Roots: 0.2ms
[2024-12-16T09:06:37.581+0000][5.257s] GC(0)   Evacuate Collection Set: 28.7ms
[2024-12-16T09:06:37.581+0000][5.257s] GC(0)   Post Evacuate Collection Set: 1.3ms
[2024-12-16T09:06:37.581+0000][5.257s] GC(0)   Other: 0.3ms
[2024-12-16T09:06:37.581+0000][5.257s] GC(0) Eden regions: 82->0(92)
[2024-12-16T09:06:37.581+0000][5.257s] GC(0) Survivor regions: 0->10(13)
[2024-12-16T09:06:37.581+0000][5.257s] GC(0) Old regions: 0->0
[2024-12-16T09:06:37.581+0000][5.257s] GC(0) Archive regions: 2->2
[2024-12-16T09:06:37.581+0000][5.257s] GC(0) Humongous regions: 2->2
[2024-12-16T09:06:37.581+0000][5.257s] GC(0) Metaspace: 21211K(21504K)->21211K(21504K) NonClass: 18587K(18752K)->18587K(18752K) Class: 2624K(2752K)->2624K(2752K)
[2024-12-16T09:06:37.581+0000][5.257s] GC(0) Pause Young (Concurrent Start) (Metadata GC Threshold) 167M->22M(4096M) 31.053ms
[2024-12-16T09:06:37.581+0000][5.257s] GC(0) User=0.03s Sys=0.00s Real=0.03s
[2024-12-16T09:06:37.581+0000][5.257s] GC(1) Concurrent Mark Cycle
[2024-12-16T09:06:37.581+0000][5.257s] GC(1) Concurrent Clear Claimed Marks
[2024-12-16T09:06:37.581+0000][5.257s] GC(1) Concurrent Clear Claimed Marks 0.027ms
[2024-12-16T09:06:37.581+0000][5.257s] GC(1) Concurrent Scan Root Regions
[2024-12-16T09:06:37.624+0000][5.300s] GC(1) Concurrent Scan Root Regions 42.664ms
[2024-12-16T09:06:37.624+0000][5.300s] GC(1) Concurrent Mark
[2024-12-16T09:06:37.624+0000][5.300s] GC(1) Concurrent Mark From Roots
[2024-12-16T09:06:37.624+0000][5.300s] GC(1) Using 1 workers of 1 for marking
[2024-12-16T09:06:37.628+0000][5.304s] GC(1) Concurrent Mark From Roots 3.682ms
[2024-12-16T09:06:37.628+0000][5.304s] GC(1) Concurrent Preclean
[2024-12-16T09:06:37.628+0000][5.304s] GC(1) Concurrent Preclean 0.039ms
[2024-12-16T09:06:37.628+0000][5.304s] GC(1) Pause Remark
[2024-12-16T09:06:37.634+0000][5.310s] GC(1) Pause Remark 24M->24M(4096M) 6.084ms
[2024-12-16T09:06:37.634+0000][5.310s] GC(1) User=0.02s Sys=0.00s Real=0.01s
[2024-12-16T09:06:37.634+0000][5.310s] GC(1) Concurrent Mark 10.266ms
[2024-12-16T09:06:37.634+0000][5.310s] GC(1) Concurrent Rebuild Remembered Sets
[2024-12-16T09:06:37.634+0000][5.310s] GC(1) Concurrent Rebuild Remembered Sets 0.004ms
[2024-12-16T09:06:37.640+0000][5.316s] GC(1) Pause Cleanup
[2024-12-16T09:06:37.640+0000][5.316s] GC(1) Pause Cleanup 24M->24M(4096M) 0.027ms
[2024-12-16T09:06:37.640+0000][5.316s] GC(1) User=0.00s Sys=0.00s Real=0.00s
[2024-12-16T09:06:37.640+0000][5.316s] GC(1) Concurrent Cleanup for Next Mark
[2024-12-16T09:06:37.651+0000][5.327s] GC(1) Concurrent Cleanup for Next Mark 11.450ms
[2024-12-16T09:06:37.651+0000][5.327s] GC(1) Concurrent Mark Cycle 69.919ms
[2024-12-16T09:06:40.361+0000][8.037s] GC(2) Pause Young (Concurrent Start) (Metadata GC Threshold)
[2024-12-16T09:06:40.361+0000][8.037s] GC(2) Using 1 workers of 1 for evacuation
[2024-12-16T09:06:40.453+0000][8.129s] GC(2)   Pre Evacuate Collection Set: 0.6ms
[2024-12-16T09:06:40.453+0000][8.129s] GC(2)   Merge Heap Roots: 0.1ms
[2024-12-16T09:06:40.453+0000][8.129s] GC(2)   Evacuate Collection Set: 89.3ms
[2024-12-16T09:06:40.453+0000][8.129s] GC(2)   Post Evacuate Collection Set: 1.5ms
[2024-12-16T09:06:40.453+0000][8.129s] GC(2)   Other: 0.3ms
[2024-12-16T09:06:40.453+0000][8.129s] GC(2) Eden regions: 53->0(99)
[2024-12-16T09:06:40.453+0000][8.129s] GC(2) Survivor regions: 10->3(13)
[2024-12-16T09:06:40.453+0000][8.129s] GC(2) Old regions: 0->10
[2024-12-16T09:06:40.453+0000][8.129s] GC(2) Archive regions: 2->2
[2024-12-16T09:06:40.453+0000][8.129s] GC(2) Humongous regions: 2->2
[2024-12-16T09:06:40.453+0000][8.129s] GC(2) Metaspace: 35747K(36096K)->35747K(36096K) NonClass: 31230K(31360K)->31230K(31360K) Class: 4516K(4736K)->4516K(4736K)
[2024-12-16T09:06:40.453+0000][8.129s] GC(2) Pause Young (Concurrent Start) (Metadata GC Threshold) 127M->29M(4096M) 91.925ms
[2024-12-16T09:06:40.453+0000][8.129s] GC(2) User=0.04s Sys=0.00s Real=0.09s
[2024-12-16T09:06:40.453+0000][8.129s] GC(3) Concurrent Mark Cycle
[2024-12-16T09:06:40.453+0000][8.129s] GC(3) Concurrent Clear Claimed Marks
[2024-12-16T09:06:40.453+0000][8.129s] GC(3) Concurrent Clear Claimed Marks 0.033ms
[2024-12-16T09:06:40.453+0000][8.129s] GC(3) Concurrent Scan Root Regions
[2024-12-16T09:06:40.462+0000][8.138s] GC(3) Concurrent Scan Root Regions 9.010ms
[2024-12-16T09:06:40.462+0000][8.138s] GC(3) Concurrent Mark
[2024-12-16T09:06:40.462+0000][8.138s] GC(3) Concurrent Mark From Roots
[2024-12-16T09:06:40.462+0000][8.138s] GC(3) Using 1 workers of 1 for marking
[2024-12-16T09:06:40.466+0000][8.142s] GC(3) Concurrent Mark From Roots 3.560ms
[2024-12-16T09:06:40.466+0000][8.142s] GC(3) Concurrent Preclean
[2024-12-16T09:06:40.466+0000][8.142s] GC(3) Concurrent Preclean 0.021ms
[2024-12-16T09:06:40.466+0000][8.142s] GC(3) Pause Remark
[2024-12-16T09:06:40.472+0000][8.148s] GC(3) Pause Remark 30M->30M(4096M) 6.009ms
[2024-12-16T09:06:40.472+0000][8.148s] GC(3) User=0.00s Sys=0.00s Real=0.01s
[2024-12-16T09:06:40.472+0000][8.148s] GC(3) Concurrent Mark 9.813ms
[2024-12-16T09:06:40.472+0000][8.148s] GC(3) Concurrent Rebuild Remembered Sets
[2024-12-16T09:06:40.521+0000][8.197s] GC(3) Concurrent Rebuild Remembered Sets 49.002ms
[2024-12-16T09:06:40.521+0000][8.197s] GC(3) Pause Cleanup
[2024-12-16T09:06:40.522+0000][8.198s] GC(3) Pause Cleanup 31M->31M(4096M) 0.350ms
[2024-12-16T09:06:40.522+0000][8.198s] GC(3) User=0.00s Sys=0.00s Real=0.00s
[2024-12-16T09:06:40.522+0000][8.198s] GC(3) Concurrent Cleanup for Next Mark
[2024-12-16T09:06:40.532+0000][8.208s] GC(3) Concurrent Cleanup for Next Mark 10.492ms
[2024-12-16T09:06:40.532+0000][8.208s] GC(3) Concurrent Mark Cycle 79.014ms
[2024-12-16T09:18:28.257+0000][715.933s] Heap
[2024-12-16T09:18:28.257+0000][715.933s]  garbage-first heap   total 4194304K, used 214982K [0x0000000700000000, 0x0000000800000000)
[2024-12-16T09:18:28.257+0000][715.933s]   region size 2048K, 94 young (192512K), 3 survivors (6144K)
[2024-12-16T09:18:28.257+0000][715.933s]  Metaspace       used 54090K, committed 54592K, reserved 1114112K
[2024-12-16T09:18:28.257+0000][715.933s]   class space    used 6998K, committed 7232K, reserved 1048576K
